// Jest Snapshot v1, https://goo.gl/fbAQLP

exports[`FinderIcon should render properly for type blob 1`] = `"<img src=\\"/images/blob.png\\" className=\\"mr-2\\" width=\\"18\\" height=\\"18\\" />"`;

exports[`FinderIcon should render properly for type tree 1`] = `"<img src=\\"/images/blob.png\\" className=\\"mr-2\\" width=\\"18\\" height=\\"18\\" />"`;
