// Jest Snapshot v1, https://goo.gl/fbAQLP

exports[`Home should render properly 1`] = `
"<div>
  <Header />
  <div className=\\"container-fluid\\">
    <div className=\\"row\\">
      <div className=\\"col-md\\">
        <div className=\\"d-flex flex-column\\">
          <CreateRepository />
          <AddSSHKey />
        </div>
      </div>
      <div className=\\"col-md\\">
        <Repositories />
      </div>
    </div>
  </div>
</div>"
`;
