// Jest Snapshot v1, https://goo.gl/fbAQLP

exports[`CreateRepository should render properly 1`] = `
"<div className=\\"card mt-2\\">
  <div className=\\"card-body\\">
    <h5 className=\\"card-title\\">
      Create Repository
    </h5>
    <p className=\\"card-text text-muted\\">
      Spaces are not allowed. Use &#39;-&#39; or &#39;_&#39; instead.
    </p>
    <div className=\\"row no-gutters\\">
      <div className=\\"col-12 col-md-9 mb-2 mb-md-0\\">
        <input type=\\"text\\" name=\\"repoName\\" className=\\"form-control\\" placeholder=\\"Repository Name\\" />
      </div>
      <div className=\\"col-12 col-md-3\\">
        <button type=\\"button\\" className=\\"btn btn-success w-100 ml-md-2\\">
          Create
        </button>
      </div>
    </div>
  </div>
</div>"
`;
