// Jest Snapshot v1, https://goo.gl/fbAQLP

exports[`RepositoryListItem should render properly 1`] = `
"<li className=\\"list-group-item d-flex justify-content-between align-items-center\\">
  <button className=\\"btn btn-outline-success btn-sm\\">
    Clone
  </button>
</li>"
`;
